// Vitest Snapshot v1, https://vitest.dev/guide/snapshot.html

exports[`snapshots > default 1`] = `
<div
  class="min-h-screen flex flex-col bg-white dark:bg-gray-950 transition-colors duration-200"
>
  <nav
    aria-label="Main navigation"
    class="border-b border-gray-200 dark:border-gray-800 bg-white/80 dark:bg-gray-900/80 backdrop-blur-sm sticky top-0 z-50 h-16"
  >
    <div
      class="px-4 sm:px-6 h-full flex items-center justify-between"
    >
      <div
        class="flex items-center gap-3"
      >
        <button
          aria-label="Toggle menu"
          class="md:hidden p-2 rounded-lg text-gray-500 dark:text-gray-400 hover:text-gray-900 dark:hover:text-gray-200 hover:bg-gray-100 dark:hover:bg-gray-800"
        >
          <svg
            class="w-6 h-6"
            fill="none"
            stroke="currentColor"
            viewBox="0 0 24 24"
          >
            <path
              d="M4 6h16M4 12h16M4 18h16"
              stroke-linecap="round"
              stroke-linejoin="round"
              stroke-width="2"
            />
          </svg>
        </button>
        <a
          class="flex items-center gap-3"
          data-discover="true"
          href="/"
        >
          <div
            class="w-8 h-8 rounded-lg bg-gradient-to-br from-cyan-400 to-blue-600 flex items-center justify-center text-xs font-bold text-white"
          >
            O
          </div>
          <span
            class="font-semibold text-lg hidden sm:block text-gray-900 dark:text-white"
          >
            Stellar Oracle
          </span>
        </a>
        <div
          class="flex items-center gap-2 sm:gap-4"
        >
          <div
            class="hidden sm:flex items-center gap-1"
          >
            <a
              class="px-4 py-2 rounded-lg text-sm font-medium transition-colors bg-gray-100 dark:bg-gray-800 text-cyan-600 dark:text-cyan-400"
              data-discover="true"
              href="/"
            >
              Dashboard
            </a>
            <a
              class="px-4 py-2 rounded-lg text-sm font-medium transition-colors text-gray-500 dark:text-gray-400 hover:text-gray-900 dark:hover:text-gray-200 hover:bg-gray-100 dark:hover:bg-gray-800/50"
              data-discover="true"
              href="/sources"
            >
              Source Health
            </a>
          </div>
          <div
            class="flex items-center gap-2"
          >
            <button
              aria-label="Toggle price alerts"
              class="relative p-2 rounded-lg text-gray-500 dark:text-gray-400 hover:text-cyan-600 dark:hover:text-cyan-400 hover:bg-gray-100 dark:hover:bg-gray-800 transition-colors"
            >
              <svg
                class="w-5 h-5"
                fill="none"
                stroke="currentColor"
                viewBox="0 0 24 24"
              >
                <path
                  d="M15 17h5l-1.405-1.405A2.032 2.032 0 0118 14.158V11a6.002 6.002 0 00-4-5.659V5a2 2 0 10-4 0v.341C7.67 6.165 6 8.388 6 11v3.159c0 .538-.214 1.055-.595 1.436L4 17h5m6 0v1a3 3 0 11-6 0v-1m6 0H9"
                  stroke-linecap="round"
                  stroke-linejoin="round"
                  stroke-width="2"
                />
              </svg>
            </button>
            <button
              aria-label="Open settings"
              class="p-2 rounded-lg text-gray-500 dark:text-gray-400 hover:text-gray-900 dark:hover:text-gray-200 hover:bg-gray-100 dark:hover:bg-gray-800 transition-colors"
            >
              <svg
                class="w-5 h-5"
                fill="none"
                stroke="currentColor"
                viewBox="0 0 24 24"
              >
                <path
                  d="M10.325 4.317c.426-1.756 2.924-1.756 3.35 0a1.724 1.724 0 002.573 1.066c1.543-.94 3.31.826 2.37 2.37a1.724 1.724 0 001.066 2.573c1.756.426 1.756 2.924 0 3.35a1.724 1.724 0 00-1.066 2.573c.94 1.543-.826 3.31-2.37 2.37a1.724 1.724 0 00-2.573 1.066c-.426 1.756-2.924 1.756-3.35 0a1.724 1.724 0 00-2.573-1.066c-1.543.94-3.31-.826-2.37-2.37a1.724 1.724 0 00-1.066-2.573c-1.756-.426-1.756-2.924 0-3.35a1.724 1.724 0 001.066-2.573c-.94-1.543.826-3.31 2.37-2.37.996.608 2.296.07 2.572-1.065z"
                  stroke-linecap="round"
                  stroke-linejoin="round"
                  stroke-width="2"
                />
                <path
                  d="M15 12a3 3 0 11-6 0 3 3 0 016 0z"
                  stroke-linecap="round"
                  stroke-linejoin="round"
                  stroke-width="2"
                />
              </svg>
            </button>
            <button
              aria-label="Switch to dark theme"
              class="p-2 rounded-lg text-gray-500 dark:text-gray-400 hover:text-gray-900 dark:hover:text-gray-200 hover:bg-gray-100 dark:hover:bg-gray-800 transition-colors"
            >
              <svg
                aria-hidden="true"
                class="w-5 h-5"
                fill="none"
                stroke="currentColor"
                viewBox="0 0 24 24"
              >
                <path
                  d="M21 12.79A9 9 0 1111.21 3 7 7 0 0021 12.79z"
                  stroke-linecap="round"
                  stroke-linejoin="round"
                  stroke-width="2"
                />
              </svg>
            </button>
            <button
              aria-label="Toggle menu"
              class="sm:hidden p-2 rounded-lg text-gray-500 dark:text-gray-400 hover:text-gray-900 dark:hover:text-gray-200 hover:bg-gray-100 dark:hover:bg-gray-800"
            >
              <svg
                class="w-6 h-6"
                fill="none"
                stroke="currentColor"
                viewBox="0 0 24 24"
              >
                <path
                  d="M4 6h16M4 12h16M4 18h16"
                  stroke-linecap="round"
                  stroke-linejoin="round"
                  stroke-width="2"
                />
              </svg>
            </button>
          </div>
        </div>
      </div>
    </div>
  </nav>
  <div
    class="flex flex-1"
  >
    <aside
      aria-label="Sidebar navigation"
      class="hidden md:flex flex-col bg-gray-900 border-r border-gray-800 h-full sticky top-16 overflow-hidden transition-[width] duration-300 ease-in-out w-56"
    >
      <div
        class="flex items-center justify-end px-3 py-3 border-b border-gray-800"
      >
        <button
          aria-expanded="true"
          aria-label="Collapse sidebar"
          class="p-1.5 rounded-lg text-gray-400 hover:text-gray-200 hover:bg-gray-800 transition-colors"
        >
          <svg
            aria-hidden="true"
            class="w-4 h-4 transition-transform duration-300 "
            fill="none"
            stroke="currentColor"
            viewBox="0 0 24 24"
          >
            <path
              d="M11 19l-7-7 7-7m8 14l-7-7 7-7"
              stroke-linecap="round"
              stroke-linejoin="round"
              stroke-width="2"
            />
          </svg>
        </button>
      </div>
      <nav
        aria-label="Sidebar"
        class="flex-1 overflow-y-auto py-4 space-y-6"
      >
        <div>
          <p
            class="px-4 mb-1.5 text-xs font-semibold uppercase tracking-wider text-gray-500 select-none"
          >
            Overview
          </p>
          <ul
            class="space-y-0.5"
            role="list"
          >
            <li>
              <a
                aria-current="page"
                aria-label="Dashboard"
                class="flex items-center gap-3 px-4 py-2.5 text-sm font-medium rounded-lg mx-1 transition-colors bg-gray-800 text-cyan-400"
                data-discover="true"
                href="/"
              >
                <svg
                  aria-hidden="true"
                  class="w-5 h-5 flex-shrink-0"
                  fill="none"
                  stroke="currentColor"
                  viewBox="0 0 24 24"
                >
                  <path
                    d="M3 7h6v6H3V7zm0 8h6v4H3v-4zm8-8h10v4H11V7zm0 6h10v6H11v-6z"
                    stroke-linecap="round"
                    stroke-linejoin="round"
                    stroke-width="2"
                  />
                </svg>
                <span
                  class="truncate transition-opacity duration-200"
                >
                  Dashboard
                </span>
                <span
                  aria-hidden="true"
                  class="ml-auto w-1.5 h-1.5 rounded-full bg-cyan-400"
                />
              </a>
            </li>
            <li>
              <a
                aria-label="Price Feeds"
                class="flex items-center gap-3 px-4 py-2.5 text-sm font-medium rounded-lg mx-1 transition-colors text-gray-400 hover:text-gray-200 hover:bg-gray-800/60"
                data-discover="true"
                href="/feeds"
              >
                <svg
                  aria-hidden="true"
                  class="w-5 h-5 flex-shrink-0"
                  fill="none"
                  stroke="currentColor"
                  viewBox="0 0 24 24"
                >
                  <path
                    d="M7 12l3-3 3 3 4-4M8 21l4-4 4 4M3 4h18M4 4h16v12a1 1 0 01-1 1H5a1 1 0 01-1-1V4z"
                    stroke-linecap="round"
                    stroke-linejoin="round"
                    stroke-width="2"
                  />
                </svg>
                <span
                  class="truncate transition-opacity duration-200"
                >
                  Price Feeds
                </span>
              </a>
            </li>
          </ul>
        </div>
        <div>
          <p
            class="px-4 mb-1.5 text-xs font-semibold uppercase tracking-wider text-gray-500 select-none"
          >
            Monitoring
          </p>
          <ul
            class="space-y-0.5"
            role="list"
          >
            <li>
              <a
                aria-label="Health"
                class="flex items-center gap-3 px-4 py-2.5 text-sm font-medium rounded-lg mx-1 transition-colors text-gray-400 hover:text-gray-200 hover:bg-gray-800/60"
                data-discover="true"
                href="/health"
              >
                <svg
                  aria-hidden="true"
                  class="w-5 h-5 flex-shrink-0"
                  fill="none"
                  stroke="currentColor"
                  viewBox="0 0 24 24"
                >
                  <path
                    d="M4.318 6.318a4.5 4.5 0 000 6.364L12 20.364l7.682-7.682a4.5 4.5 0 00-6.364-6.364L12 7.636l-1.318-1.318a4.5 4.5 0 00-6.364 0z"
                    stroke-linecap="round"
                    stroke-linejoin="round"
                    stroke-width="2"
                  />
                </svg>
                <span
                  class="truncate transition-opacity duration-200"
                >
                  Health
                </span>
              </a>
            </li>
            <li>
              <a
                aria-label="Alerts"
                class="flex items-center gap-3 px-4 py-2.5 text-sm font-medium rounded-lg mx-1 transition-colors text-gray-400 hover:text-gray-200 hover:bg-gray-800/60"
                data-discover="true"
                href="/alerts"
              >
                <svg
                  aria-hidden="true"
                  class="w-5 h-5 flex-shrink-0"
                  fill="none"
                  stroke="currentColor"
                  viewBox="0 0 24 24"
                >
                  <path
                    d="M15 17h5l-1.405-1.405A2.032 2.032 0 0118 14.158V11a6.002 6.002 0 00-4-5.659V5a2 2 0 10-4 0v.341C7.67 6.165 6 8.388 6 11v3.159c0 .538-.214 1.055-.595 1.436L4 17h5m6 0v1a3 3 0 11-6 0v-1m6 0H9"
                    stroke-linecap="round"
                    stroke-linejoin="round"
                    stroke-width="2"
                  />
                </svg>
                <span
                  class="truncate transition-opacity duration-200"
                >
                  Alerts
                </span>
              </a>
            </li>
          </ul>
        </div>
        <div>
          <p
            class="px-4 mb-1.5 text-xs font-semibold uppercase tracking-wider text-gray-500 select-none"
          >
            System
          </p>
          <ul
            class="space-y-0.5"
            role="list"
          >
            <li>
              <button
                aria-label="Settings"
                class="w-full flex items-center gap-3 px-4 py-2.5 text-sm font-medium rounded-lg mx-1 transition-colors text-gray-400 hover:text-gray-200 hover:bg-gray-800/60"
                type="button"
              >
                <svg
                  aria-hidden="true"
                  class="w-5 h-5 flex-shrink-0"
                  fill="none"
                  stroke="currentColor"
                  viewBox="0 0 24 24"
                >
                  <path
                    d="M10.325 4.317c.426-1.756 2.924-1.756 3.35 0a1.724 1.724 0 002.573 1.066c1.543-.94 3.31.826 2.37 2.37a1.724 1.724 0 001.066 2.573c1.756.426 1.756 2.924 0 3.35a1.724 1.724 0 00-1.066 2.573c.94 1.543-.826 3.31-2.37 2.37a1.724 1.724 0 00-2.573 1.066c-.426 1.756-2.924 1.756-3.35 0a1.724 1.724 0 00-2.573-1.066c-1.543.94-3.31-.826-2.37-2.37a1.724 1.724 0 00-1.066-2.573c-1.756-.426-1.756-2.924 0-3.35a1.724 1.724 0 001.066-2.573c-.94-1.543.826-3.31 2.37-2.37.996.608 2.296.07 2.572-1.065z"
                    stroke-linecap="round"
                    stroke-linejoin="round"
                    stroke-width="2"
                  />
                  <path
                    d="M15 12a3 3 0 11-6 0 3 3 0 016 0z"
                    stroke-linecap="round"
                    stroke-linejoin="round"
                    stroke-width="2"
                  />
                </svg>
                <span
                  class="truncate transition-opacity duration-200"
                >
                  Settings
                </span>
              </button>
            </li>
          </ul>
        </div>
      </nav>
    </aside>
    <div
      aria-hidden="true"
      class="fixed inset-0 z-40 bg-black/60 md:hidden transition-opacity duration-200 opacity-0 pointer-events-none"
      role="presentation"
    />
    <div
      aria-label="Navigation menu"
      aria-modal="true"
      class="fixed inset-y-0 left-0 z-50 w-64 bg-gray-900 border-r border-gray-800 md:hidden transform transition-transform duration-300 ease-in-out -translate-x-full"
      role="dialog"
    >
      <div
        class="flex items-center justify-between px-4 py-4 border-b border-gray-800"
      >
        <div
          class="flex items-center gap-2"
        >
          <div
            class="w-7 h-7 rounded-lg bg-gradient-to-br from-cyan-400 to-blue-600 flex items-center justify-center text-xs font-bold text-white"
          >
            O
          </div>
          <span
            class="font-semibold text-white"
          >
            Stellar Oracle
          </span>
        </div>
        <button
          aria-label="Close menu"
          class="p-1.5 rounded-lg text-gray-400 hover:text-gray-200 hover:bg-gray-800 transition-colors"
        >
          <svg
            class="w-5 h-5"
            fill="none"
            stroke="currentColor"
            viewBox="0 0 24 24"
          >
            <path
              d="M6 18L18 6M6 6l12 12"
              stroke-linecap="round"
              stroke-linejoin="round"
              stroke-width="2"
            />
          </svg>
        </button>
      </div>
      <nav
        aria-label="Mobile navigation"
        class="py-4 space-y-5 overflow-y-auto h-[calc(100vh-65px)]"
      >
        <div>
          <p
            class="px-4 mb-1.5 text-xs font-semibold uppercase tracking-wider text-gray-500"
          >
            Overview
          </p>
          <ul
            class="space-y-0.5"
            role="list"
          >
            <li>
              <a
                aria-current="page"
                class="flex items-center gap-3 px-4 py-2.5 text-sm font-medium transition-colors text-cyan-400 bg-gray-800"
                data-discover="true"
                href="/"
              >
                <svg
                  aria-hidden="true"
                  class="w-5 h-5 flex-shrink-0"
                  fill="none"
                  stroke="currentColor"
                  viewBox="0 0 24 24"
                >
                  <path
                    d="M3 7h6v6H3V7zm0 8h6v4H3v-4zm8-8h10v4H11V7zm0 6h10v6H11v-6z"
                    stroke-linecap="round"
                    stroke-linejoin="round"
                    stroke-width="2"
                  />
                </svg>
                Dashboard
                <span
                  aria-hidden="true"
                  class="ml-auto w-1.5 h-1.5 rounded-full bg-cyan-400"
                />
              </a>
            </li>
            <li>
              <a
                class="flex items-center gap-3 px-4 py-2.5 text-sm font-medium transition-colors text-gray-400 hover:text-gray-200 hover:bg-gray-800/60"
                data-discover="true"
                href="/feeds"
              >
                <svg
                  aria-hidden="true"
                  class="w-5 h-5 flex-shrink-0"
                  fill="none"
                  stroke="currentColor"
                  viewBox="0 0 24 24"
                >
                  <path
                    d="M7 12l3-3 3 3 4-4M8 21l4-4 4 4M3 4h18M4 4h16v12a1 1 0 01-1 1H5a1 1 0 01-1-1V4z"
                    stroke-linecap="round"
                    stroke-linejoin="round"
                    stroke-width="2"
                  />
                </svg>
                Price Feeds
              </a>
            </li>
          </ul>
        </div>
        <div>
          <p
            class="px-4 mb-1.5 text-xs font-semibold uppercase tracking-wider text-gray-500"
          >
            Monitoring
          </p>
          <ul
            class="space-y-0.5"
            role="list"
          >
            <li>
              <a
                class="flex items-center gap-3 px-4 py-2.5 text-sm font-medium transition-colors text-gray-400 hover:text-gray-200 hover:bg-gray-800/60"
                data-discover="true"
                href="/health"
              >
                <svg
                  aria-hidden="true"
                  class="w-5 h-5 flex-shrink-0"
                  fill="none"
                  stroke="currentColor"
                  viewBox="0 0 24 24"
                >
                  <path
                    d="M4.318 6.318a4.5 4.5 0 000 6.364L12 20.364l7.682-7.682a4.5 4.5 0 00-6.364-6.364L12 7.636l-1.318-1.318a4.5 4.5 0 00-6.364 0z"
                    stroke-linecap="round"
                    stroke-linejoin="round"
                    stroke-width="2"
                  />
                </svg>
                Health
              </a>
            </li>
            <li>
              <a
                class="flex items-center gap-3 px-4 py-2.5 text-sm font-medium transition-colors text-gray-400 hover:text-gray-200 hover:bg-gray-800/60"
                data-discover="true"
                href="/alerts"
              >
                <svg
                  aria-hidden="true"
                  class="w-5 h-5 flex-shrink-0"
                  fill="none"
                  stroke="currentColor"
                  viewBox="0 0 24 24"
                >
                  <path
                    d="M15 17h5l-1.405-1.405A2.032 2.032 0 0118 14.158V11a6.002 6.002 0 00-4-5.659V5a2 2 0 10-4 0v.341C7.67 6.165 6 8.388 6 11v3.159c0 .538-.214 1.055-.595 1.436L4 17h5m6 0v1a3 3 0 11-6 0v-1m6 0H9"
                    stroke-linecap="round"
                    stroke-linejoin="round"
                    stroke-width="2"
                  />
                </svg>
                Alerts
              </a>
            </li>
          </ul>
        </div>
        <div>
          <p
            class="px-4 mb-1.5 text-xs font-semibold uppercase tracking-wider text-gray-500"
          >
            System
          </p>
          <ul
            class="space-y-0.5"
            role="list"
          >
            <li>
              <button
                class="w-full flex items-center gap-3 px-4 py-2.5 text-sm font-medium transition-colors text-gray-400 hover:text-gray-200 hover:bg-gray-800/60"
                type="button"
              >
                <svg
                  aria-hidden="true"
                  class="w-5 h-5 flex-shrink-0"
                  fill="none"
                  stroke="currentColor"
                  viewBox="0 0 24 24"
                >
                  <path
                    d="M10.325 4.317c.426-1.756 2.924-1.756 3.35 0a1.724 1.724 0 002.573 1.066c1.543-.94 3.31.826 2.37 2.37a1.724 1.724 0 001.066 2.573c1.756.426 1.756 2.924 0 3.35a1.724 1.724 0 00-1.066 2.573c.94 1.543-.826 3.31-2.37 2.37a1.724 1.724 0 00-2.573 1.066c-.426 1.756-2.924 1.756-3.35 0a1.724 1.724 0 00-2.573-1.066c-1.543.94-3.31-.826-2.37-2.37a1.724 1.724 0 00-1.066-2.573c-1.756-.426-1.756-2.924 0-3.35a1.724 1.724 0 001.066-2.573c-.94-1.543.826-3.31 2.37-2.37.996.608 2.296.07 2.572-1.065z"
                    stroke-linecap="round"
                    stroke-linejoin="round"
                    stroke-width="2"
                  />
                  <path
                    d="M15 12a3 3 0 11-6 0 3 3 0 016 0z"
                    stroke-linecap="round"
                    stroke-linejoin="round"
                    stroke-width="2"
                  />
                </svg>
                Settings
              </button>
            </li>
          </ul>
        </div>
      </nav>
    </div>
    <main
      class="flex-1 px-6 py-6 overflow-auto"
    >
      <div>
        Content
      </div>
    </main>
    <footer
      class="border-t border-gray-200 dark:border-gray-800 py-6 text-center text-sm text-gray-400 dark:text-gray-500"
    >
      Stellar Unified Price Oracle · Developer Portal & Analytics Dashboard
    </footer>
  </div>
</div>
`;
